F                                                                        [100%]
=================================== FAILURES ===================================
_________________ test_corrupt_stored_output_hash_is_rejected __________________

replay = <scripts.regression.replay.WeekendReplay object at 0x11b9713d0>

    def test_corrupt_stored_output_hash_is_rejected(replay):
        from gridoracle.ops import recovery
    
        replay.drain()
        with replay.engine.begin() as conn:
            # Fault injection only in this randomly named disposable database:
            # simulate a corrupted restore that bypassed the immutable SQL trigger.
            conn.execute(text("SET LOCAL session_replication_role = replica"))
            conn.execute(
                text(
                    "UPDATE forecast_entry_outputs SET output='{}' WHERE ent"
                    "ry_key='entry:202601'"
                )
            )
>       with pytest.raises(ValueError, match="stored forecast output checksum"):
E       Failed: DID NOT RAISE <class 'ValueError'>

scripts/tests/test_wp14_postgres.py:536: Failed
=============================== warnings summary ===============================
../../../../../../private/tmp/grid-oracle-wp13/.venv/lib/python3.12/site-packages/starlette/testclient.py:40
  /private/tmp/grid-oracle-wp13/.venv/lib/python3.12/site-packages/starlette/testclient.py:40: DeprecationWarning: The anyio.abc.BlockingPortal alias is deprecated, use anyio.from_thread.BlockingPortal instead.
    _PortalFactoryType = typing.Callable[[], typing.ContextManager[anyio.abc.BlockingPortal]]

-- Docs: https://docs.pytest.org/en/stable/how-to/capture-warnings.html
- generated xml file: /private/tmp/wp14-evidence/mutations-final/unchecked-output-hash.xml -
=========================== short test summary info ============================
FAILED scripts/tests/test_wp14_postgres.py::test_corrupt_stored_output_hash_is_rejected
1 failed, 1 warning in 2.19s
